
> backend@1.0.0 dev
> tsx watch src/index.ts

◇ injected env (10) from .env // tip: ⌘ enable debugging { debug: true }
◇ injected env (0) from .env // tip: ⌁ auth for agents [www.vestauth.com]
◇ injected env (0) from .env // tip: ⌘ enable debugging { debug: true }
Server running on port 5000 in development mode
[2026-09-09T07:53:14.093Z] [API] GET /health 200 - 7ms - IP: ::1 - UA: curl/8.12.1
Database connected successfully.
[2026-09-09T07:53:37.013Z] [API] GET /health 200 - 1ms - IP: ::1 - UA: curl/8.12.1
[POST] /auth/register request received for email: test.owner@shoots-preview.test
[2026-09-09T07:53:54.232Z] [API] POST /api/v1/auth/register 201 - 2044ms - IP: ::1 - UA: node
[2026-09-09T07:53:54.522Z] [API] PUT /api/v1/auth/me 200 - 265ms - IP: ::1 - UA: node
[POST] /auth/register request received for email: crew.alpha@shoots-preview.test
[2026-09-09T07:53:55.528Z] [API] POST /api/v1/auth/register 201 - 983ms - IP: ::1 - UA: node
[2026-09-09T07:53:55.830Z] [API] PUT /api/v1/auth/me 200 - 297ms - IP: ::1 - UA: node
[POST] /auth/register request received for email: crew.beta@shoots-preview.test
[2026-09-09T07:53:56.859Z] [API] POST /api/v1/auth/register 201 - 1024ms - IP: ::1 - UA: node
[2026-09-09T07:53:57.145Z] [API] PUT /api/v1/auth/me 200 - 281ms - IP: ::1 - UA: node
[2026-09-09T07:53:57.154Z] [API] POST /api/v1/projects 401 - 3ms - IP: ::1 - UA: node
[2026-09-09T07:53:57.164Z] [API] POST /api/v1/projects 401 - 4ms - IP: ::1 - UA: node
[2026-09-09T07:53:57.174Z] [API] POST /api/v1/projects 401 - 3ms - IP: ::1 - UA: node
[2026-09-09T07:53:57.183Z] [API] POST /api/v1/projects 401 - 2ms - IP: ::1 - UA: node
[POST] /auth/register request received for email: test.owner@shoots-preview.test
[2026-09-09T07:54:18.258Z] [API] POST /api/v1/auth/register 409 - 1221ms - IP: ::1 - UA: node
[POST] /auth/login request received for email: test.owner@shoots-preview.test
[2026-09-09T07:54:18.949Z] [API] POST /api/v1/auth/login 200 - 662ms - IP: ::1 - UA: node
[2026-09-09T07:54:19.279Z] [API] PUT /api/v1/auth/me 200 - 326ms - IP: ::1 - UA: node
[POST] /auth/register request received for email: crew.alpha@shoots-preview.test
[2026-09-09T07:54:19.501Z] [API] POST /api/v1/auth/register 409 - 218ms - IP: ::1 - UA: node
[POST] /auth/login request received for email: crew.alpha@shoots-preview.test
[2026-09-09T07:54:20.181Z] [API] POST /api/v1/auth/login 200 - 676ms - IP: ::1 - UA: node
[2026-09-09T07:54:20.407Z] [API] PUT /api/v1/auth/me 200 - 223ms - IP: ::1 - UA: node
[POST] /auth/register request received for email: crew.beta@shoots-preview.test
[2026-09-09T07:54:20.713Z] [API] POST /api/v1/auth/register 409 - 301ms - IP: ::1 - UA: node
[POST] /auth/login request received for email: crew.beta@shoots-preview.test
[2026-09-09T07:54:21.341Z] [API] POST /api/v1/auth/login 200 - 624ms - IP: ::1 - UA: node
[2026-09-09T07:54:21.567Z] [API] PUT /api/v1/auth/me 200 - 221ms - IP: ::1 - UA: node
[2026-09-09T07:54:22.863Z] [API] POST /api/v1/projects 201 - 1290ms - IP: ::1 - UA: node
[2026-09-09T07:54:23.591Z] [API] POST /api/v1/projects 201 - 725ms - IP: ::1 - UA: node
[2026-09-09T07:54:24.405Z] [API] POST /api/v1/projects 201 - 810ms - IP: ::1 - UA: node
[2026-09-09T07:54:25.086Z] [API] POST /api/v1/projects 201 - 678ms - IP: ::1 - UA: node
Brevo API Error 401: Status code: 401
Body: {
  "message": "We have detected you are using an unrecognised IP address 49.36.16.16. If you performed this action make sure to add the new IP address in this link: https://app.brevo.com/security/authorised_ips",
  "code": "unauthorized"
}
[2026-09-09T07:54:27.234Z] [API] POST /api/v1/projects/4b51e59b-a791-42f9-b321-38c72274a521/members 201 - 2122ms - IP: ::1 - UA: node
Brevo API Error 401: Status code: 401
Body: {
  "message": "We have detected you are using an unrecognised IP address 49.36.16.16. If you performed this action make sure to add the new IP address in this link: https://app.brevo.com/security/authorised_ips",
  "code": "unauthorized"
}
[2026-09-09T07:54:29.239Z] [API] POST /api/v1/projects/4b51e59b-a791-42f9-b321-38c72274a521/members 201 - 2003ms - IP: ::1 - UA: node
Brevo API Error 401: Status code: 401
Body: {
  "message": "We have detected you are using an unrecognised IP address 49.36.16.16. If you performed this action make sure to add the new IP address in this link: https://app.brevo.com/security/authorised_ips",
  "code": "unauthorized"
}
[2026-09-09T07:54:31.055Z] [API] POST /api/v1/projects/8e7162d5-d86a-4232-b56d-7859570119a1/members 201 - 1813ms - IP: ::1 - UA: node
[2026-09-09T07:54:31.528Z] [API] POST /api/v1/projects/4b51e59b-a791-42f9-b321-38c72274a521/expenses 201 - 471ms - IP: ::1 - UA: node
[2026-09-09T07:54:32.179Z] [API] POST /api/v1/projects/4b51e59b-a791-42f9-b321-38c72274a521/expenses 201 - 649ms - IP: ::1 - UA: node
[2026-09-09T07:54:32.695Z] [API] POST /api/v1/projects/4b51e59b-a791-42f9-b321-38c72274a521/expenses 201 - 513ms - IP: ::1 - UA: node
[2026-09-09T07:54:33.205Z] [API] POST /api/v1/projects/8e7162d5-d86a-4232-b56d-7859570119a1/expenses 201 - 508ms - IP: ::1 - UA: node
[2026-09-09T07:54:33.955Z] [API] POST /api/v1/projects 201 - 747ms - IP: ::1 - UA: node
[POST] /auth/login request received for email: test.owner@shoots-preview.test
[2026-09-09T07:55:45.738Z] [API] POST /api/v1/auth/login 401 - 4419ms - IP: ::1 - UA: node
[POST] /auth/login request received for email: test.owner@shoots-preview.test
[2026-09-09T07:55:48.306Z] [API] POST /api/v1/auth/login 200 - 1470ms - IP: ::1 - UA: node
[2026-09-09T07:55:49.965Z] [API] GET /api/v1/team-members 200 - 971ms - IP: ::1 - UA: node
[2026-09-09T07:55:50.035Z] [API] GET /api/v1/projects/upcoming-days 200 - 1115ms - IP: ::1 - UA: node
[2026-09-09T07:55:50.212Z] [API] GET /api/v1/auth/me 200 - 316ms - IP: ::1 - UA: node
[2026-09-09T07:55:50.545Z] [API] GET /api/v1/auth/me 200 - 222ms - IP: ::1 - UA: node
[2026-09-09T07:55:51.028Z] [API] GET /api/v1/projects/analytics 200 - 2014ms - IP: ::1 - UA: node
[2026-09-09T07:55:51.531Z] [API] GET /api/v1/projects 200 - 2526ms - IP: ::1 - UA: node
[2026-09-09T07:55:54.055Z] [API] GET /api/v1/auth/me 200 - 224ms - IP: ::1 - UA: node
[2026-09-09T07:55:54.388Z] [API] GET /api/v1/auth/me 200 - 241ms - IP: ::1 - UA: node
[2026-09-09T07:55:54.911Z] [API] GET /api/v1/projects?page=1&limit=50&status=all 200 - 1713ms - IP: ::1 - UA: node
[2026-09-09T07:55:58.256Z] [API] GET /api/v1/projects?page=1&limit=50&status=booked 200 - 1934ms - IP: ::1 - UA: node
[2026-09-09T07:56:00.880Z] [API] GET /api/v1/auth/me 200 - 226ms - IP: ::1 - UA: node
[2026-09-09T07:56:00.955Z] [API] GET /api/v1/team-members 200 - 1022ms - IP: ::1 - UA: node
[2026-09-09T07:56:01.060Z] [API] GET /api/v1/projects?page=1&limit=50&status=all 200 - 2555ms - IP: ::1 - UA: node
[2026-09-09T07:56:01.246Z] [API] GET /api/v1/auth/me 200 - 296ms - IP: ::1 - UA: node
[2026-09-09T07:56:02.294Z] [API] GET /api/v1/projects/4b51e59b-a791-42f9-b321-38c72274a521 200 - 2367ms - IP: ::1 - UA: node
[POST] /auth/login request received for email: test.owner@shoots-preview.test
[2026-09-09T07:57:30.616Z] [API] POST /api/v1/auth/login 200 - 1787ms - IP: ::1 - UA: node
[2026-09-09T07:57:31.782Z] [API] GET /api/v1/team-members 200 - 736ms - IP: ::1 - UA: node
[2026-09-09T07:57:31.833Z] [API] GET /api/v1/auth/me 200 - 238ms - IP: ::1 - UA: node
[2026-09-09T07:57:31.900Z] [API] GET /api/v1/projects/upcoming-days 200 - 949ms - IP: ::1 - UA: node
[2026-09-09T07:57:32.158Z] [API] GET /api/v1/auth/me 200 - 233ms - IP: ::1 - UA: node
[2026-09-09T07:57:32.470Z] [API] GET /api/v1/projects/analytics 200 - 1408ms - IP: ::1 - UA: node
[2026-09-09T07:57:33.853Z] [API] GET /api/v1/projects 200 - 2799ms - IP: ::1 - UA: node
[2026-09-09T07:57:36.353Z] [API] GET /api/v1/auth/me 200 - 236ms - IP: ::1 - UA: node
[2026-09-09T07:57:36.649Z] [API] GET /api/v1/auth/me 200 - 232ms - IP: ::1 - UA: node
[2026-09-09T07:57:37.348Z] [API] GET /api/v1/projects/shoot-days?year=2026&month=8 200 - 517ms - IP: ::1 - UA: node
[2026-09-09T07:57:43.053Z] [API] GET /api/v1/team-members 200 - 773ms - IP: ::1 - UA: node
[2026-09-09T07:57:43.598Z] [API] GET /api/v1/auth/me 200 - 758ms - IP: ::1 - UA: node
[2026-09-09T07:57:43.899Z] [API] GET /api/v1/auth/me 200 - 229ms - IP: ::1 - UA: node
[2026-09-09T07:57:47.781Z] [API] GET /api/v1/team-members?dates=2026-09-11 200 - 1259ms - IP: ::1 - UA: node
[2026-09-09T07:57:48.485Z] [API] GET /api/v1/team-members 200 - 257ms - IP: ::1 - UA: node
[2026-09-09T07:57:49.917Z] [API] GET /api/v1/team-members 200 - 347ms - IP: ::1 - UA: node
[2026-09-09T07:57:50.462Z] [API] GET /api/v1/auth/me 200 - 236ms - IP: ::1 - UA: node
[2026-09-09T07:57:50.837Z] [API] GET /api/v1/auth/me 200 - 279ms - IP: ::1 - UA: node
[2026-09-09T07:57:54.023Z] [API] GET /api/v1/auth/me 200 - 236ms - IP: ::1 - UA: node
[2026-09-09T07:57:54.343Z] [API] GET /api/v1/auth/me 200 - 238ms - IP: ::1 - UA: node
[2026-09-09T07:57:55.349Z] [API] GET /api/v1/projects/analytics 200 - 2099ms - IP: ::1 - UA: node
[2026-09-09T07:58:01.831Z] [API] GET /api/v1/auth/me 200 - 751ms - IP: ::1 - UA: node
[2026-09-09T07:58:02.150Z] [API] GET /api/v1/auth/me 200 - 239ms - IP: ::1 - UA: node
[2026-09-09T07:58:03.432Z] [API] GET /api/v1/projects/earnings-history?page=1 200 - 2877ms - IP: ::1 - UA: node
[2026-09-09T07:58:08.089Z] [API] GET /api/v1/auth/me 200 - 246ms - IP: ::1 - UA: node
[2026-09-09T07:58:08.396Z] [API] GET /api/v1/auth/me 200 - 239ms - IP: ::1 - UA: node
[2026-09-09T07:58:09.573Z] [API] GET /api/v1/projects/analytics 200 - 2301ms - IP: ::1 - UA: node
1:30:02 PM [tsx] change in ./src\routes\projects.ts Restarting...
c◇ injected env (10) from .env // tip: ⌘ multiple files { path: ['.env.local', '.env'] }
◇ injected env (0) from .env // tip: ⌘ custom filepath { path: '/custom/path/.env' }
◇ injected env (0) from .env // tip: ◈ encrypted .env [www.dotenvx.com]
Server running on port 5000 in development mode
Database connected successfully.
[POST] /auth/login request received for email: test.owner@shoots-preview.test
[2026-09-09T08:00:48.590Z] [API] POST /api/v1/auth/login 200 - 2203ms - IP: ::1 - UA: node
[2026-09-09T08:00:49.976Z] [API] GET /api/v1/auth/me 200 - 251ms - IP: ::1 - UA: node
[2026-09-09T08:00:50.269Z] [API] GET /api/v1/projects/upcoming-days 200 - 1295ms - IP: ::1 - UA: node
[2026-09-09T08:00:50.354Z] [API] GET /api/v1/auth/me 200 - 246ms - IP: ::1 - UA: node
[2026-09-09T08:00:50.391Z] [API] GET /api/v1/team-members 200 - 1314ms - IP: ::1 - UA: node
[2026-09-09T08:00:51.350Z] [API] GET /api/v1/projects/analytics 200 - 2257ms - IP: ::1 - UA: node
[2026-09-09T08:00:51.475Z] [API] GET /api/v1/projects 200 - 2390ms - IP: ::1 - UA: node
[2026-09-09T08:00:54.943Z] [API] GET /api/v1/auth/me 200 - 231ms - IP: ::1 - UA: node
[2026-09-09T08:00:55.051Z] [API] GET /api/v1/projects/analytics 200 - 923ms - IP: ::1 - UA: node
[2026-09-09T08:00:55.257Z] [API] GET /api/v1/auth/me 200 - 258ms - IP: ::1 - UA: node
[POST] /auth/login request received for email: test.owner@shoots-preview.test
[2026-09-09T08:01:48.301Z] [API] POST /api/v1/auth/login 200 - 2048ms - IP: ::1 - UA: node
[2026-09-09T08:01:50.359Z] [API] GET /api/v1/team-members 200 - 854ms - IP: ::1 - UA: node
[2026-09-09T08:01:50.366Z] [API] GET /api/v1/projects/upcoming-days 200 - 1083ms - IP: ::1 - UA: node
[2026-09-09T08:01:51.311Z] [API] GET /api/v1/auth/me 200 - 245ms - IP: ::1 - UA: node
[2026-09-09T08:01:51.548Z] [API] GET /api/v1/projects/analytics 200 - 2014ms - IP: ::1 - UA: node
[2026-09-09T08:01:51.759Z] [API] GET /api/v1/auth/me 200 - 307ms - IP: ::1 - UA: node
[2026-09-09T08:01:51.827Z] [API] GET /api/v1/projects 200 - 2308ms - IP: ::1 - UA: node
[2026-09-09T08:01:54.552Z] [API] GET /api/v1/team-members 200 - 268ms - IP: ::1 - UA: node
[2026-09-09T08:01:55.246Z] [API] GET /api/v1/auth/me 200 - 246ms - IP: ::1 - UA: node
[2026-09-09T08:01:55.406Z] [API] GET /api/v1/projects/4b51e59b-a791-42f9-b321-38c72274a521 200 - 1244ms - IP: ::1 - UA: node
[2026-09-09T08:01:55.922Z] [API] GET /api/v1/auth/me 200 - 237ms - IP: ::1 - UA: node
[POST] /auth/login request received for email: test.owner@shoots-preview.test
[2026-09-09T08:02:42.283Z] [API] POST /api/v1/auth/login 200 - 1596ms - IP: ::1 - UA: node
[2026-09-09T08:02:43.505Z] [API] GET /api/v1/team-members 200 - 742ms - IP: ::1 - UA: node
[2026-09-09T08:02:43.615Z] [API] GET /api/v1/projects/upcoming-days 200 - 940ms - IP: ::1 - UA: node
[2026-09-09T08:02:43.854Z] [API] GET /api/v1/auth/me 200 - 235ms - IP: ::1 - UA: node
[2026-09-09T08:02:44.175Z] [API] GET /api/v1/auth/me 200 - 238ms - IP: ::1 - UA: node
[2026-09-09T08:02:44.215Z] [API] GET /api/v1/projects/analytics 200 - 1441ms - IP: ::1 - UA: node
[2026-09-09T08:02:44.910Z] [API] GET /api/v1/projects 200 - 2141ms - IP: ::1 - UA: node
[2026-09-09T08:02:46.776Z] [API] GET /api/v1/team-members 200 - 239ms - IP: ::1 - UA: node
[2026-09-09T08:02:47.346Z] [API] GET /api/v1/auth/me 200 - 251ms - IP: ::1 - UA: node
[2026-09-09T08:02:47.717Z] [API] GET /api/v1/auth/me 200 - 253ms - IP: ::1 - UA: node
[2026-09-09T08:02:47.917Z] [API] GET /api/v1/projects/4b51e59b-a791-42f9-b321-38c72274a521 200 - 1387ms - IP: ::1 - UA: node
[2026-09-09T08:02:53.684Z] [API] PUT /api/v1/projects/4b51e59b-a791-42f9-b321-38c72274a521/members/ebd06b93-2ffe-4555-9911-9283c04a8ee6 200 - 1653ms - IP: ::1 - UA: node
[2026-09-09T08:02:54.092Z] [API] GET /api/v1/team-members 200 - 219ms - IP: ::1 - UA: node
[2026-09-09T08:02:55.268Z] [API] GET /api/v1/team-members 200 - 768ms - IP: ::1 - UA: node
[2026-09-09T08:02:55.506Z] [API] GET /api/v1/projects/4b51e59b-a791-42f9-b321-38c72274a521 200 - 1639ms - IP: ::1 - UA: node
[2026-09-09T08:02:55.575Z] [API] GET /api/v1/auth/me 200 - 241ms - IP: ::1 - UA: node
[2026-09-09T08:02:55.597Z] [API] GET /api/v1/projects/4b51e59b-a791-42f9-b321-38c72274a521 200 - 1161ms - IP: ::1 - UA: node
[2026-09-09T08:02:56.302Z] [API] GET /api/v1/auth/me 200 - 313ms - IP: ::1 - UA: node
[POST] /auth/login request received for email: test.owner@shoots-preview.test
[2026-09-09T08:04:07.044Z] [API] POST /api/v1/auth/login 200 - 1413ms - IP: ::1 - UA: node
[2026-09-09T08:04:08.597Z] [API] GET /api/v1/team-members 200 - 811ms - IP: ::1 - UA: node
[2026-09-09T08:04:08.605Z] [API] GET /api/v1/projects/upcoming-days 200 - 959ms - IP: ::1 - UA: node
[2026-09-09T08:04:09.331Z] [API] GET /api/v1/auth/me 200 - 233ms - IP: ::1 - UA: node
[2026-09-09T08:04:09.388Z] [API] GET /api/v1/projects/analytics 200 - 1580ms - IP: ::1 - UA: node
[2026-09-09T08:04:09.692Z] [API] GET /api/v1/auth/me 200 - 246ms - IP: ::1 - UA: node
[2026-09-09T08:04:10.065Z] [API] GET /api/v1/projects 200 - 2269ms - IP: ::1 - UA: node
[2026-09-09T08:04:12.766Z] [API] GET /api/v1/team-members 200 - 854ms - IP: ::1 - UA: node
[2026-09-09T08:04:13.053Z] [API] GET /api/v1/projects/571a2e65-ad56-48c6-8ab0-e43555d24595 200 - 1227ms - IP: ::1 - UA: node
[2026-09-09T08:04:13.062Z] [API] GET /api/v1/auth/me 200 - 251ms - IP: ::1 - UA: node
[2026-09-09T08:04:13.498Z] [API] GET /api/v1/auth/me 200 - 234ms - IP: ::1 - UA: node
[POST] /auth/login request received for email: test.owner@shoots-preview.test
[2026-09-09T08:05:39.473Z] [API] POST /api/v1/auth/login 200 - 1490ms - IP: ::1 - UA: node
[2026-09-09T08:05:40.612Z] [API] GET /api/v1/team-members 200 - 726ms - IP: ::1 - UA: node
[2026-09-09T08:05:40.739Z] [API] GET /api/v1/projects/upcoming-days 200 - 942ms - IP: ::1 - UA: node
[2026-09-09T08:05:40.808Z] [API] GET /api/v1/auth/me 200 - 257ms - IP: ::1 - UA: node
[2026-09-09T08:05:41.171Z] [API] GET /api/v1/auth/me 200 - 289ms - IP: ::1 - UA: node
[2026-09-09T08:05:42.193Z] [API] GET /api/v1/projects/analytics 200 - 2298ms - IP: ::1 - UA: node
[2026-09-09T08:05:42.419Z] [API] GET /api/v1/projects 200 - 2529ms - IP: ::1 - UA: node
[2026-09-09T08:05:44.306Z] [API] GET /api/v1/team-members 200 - 229ms - IP: ::1 - UA: node
[2026-09-09T08:05:44.979Z] [API] GET /api/v1/auth/me 200 - 248ms - IP: ::1 - UA: node
[2026-09-09T08:05:45.251Z] [API] GET /api/v1/projects/571a2e65-ad56-48c6-8ab0-e43555d24595 200 - 1232ms - IP: ::1 - UA: node
[2026-09-09T08:05:45.354Z] [API] GET /api/v1/auth/me 200 - 230ms - IP: ::1 - UA: node
[2026-09-09T08:05:52.466Z] [API] PUT /api/v1/projects/571a2e65-ad56-48c6-8ab0-e43555d24595/days/247630c0-0bfa-4913-b63b-ba9b4aea8806 200 - 2351ms - IP: ::1 - UA: node
[2026-09-09T08:05:52.886Z] [API] GET /api/v1/team-members 200 - 238ms - IP: ::1 - UA: node
[2026-09-09T08:05:53.592Z] [API] GET /api/v1/auth/me 200 - 230ms - IP: ::1 - UA: node
[2026-09-09T08:05:53.653Z] [API] POST /api/v1/projects/571a2e65-ad56-48c6-8ab0-e43555d24595/expenses 201 - 971ms - IP: ::1 - UA: node
[2026-09-09T08:05:53.887Z] [API] GET /api/v1/auth/me 200 - 228ms - IP: ::1 - UA: node
[2026-09-09T08:05:54.311Z] [API] GET /api/v1/projects/571a2e65-ad56-48c6-8ab0-e43555d24595 200 - 1775ms - IP: ::1 - UA: node
[2026-09-09T08:05:55.151Z] [API] PUT /api/v1/projects/571a2e65-ad56-48c6-8ab0-e43555d24595 200 - 1479ms - IP: ::1 - UA: node
[2026-09-09T08:05:55.489Z] [API] GET /api/v1/team-members 200 - 292ms - IP: ::1 - UA: node
[2026-09-09T08:05:56.537Z] [API] GET /api/v1/projects/571a2e65-ad56-48c6-8ab0-e43555d24595 200 - 1344ms - IP: ::1 - UA: node
[2026-09-09T08:05:57.850Z] [API] DELETE /api/v1/projects/571a2e65-ad56-48c6-8ab0-e43555d24595 200 - 238ms - IP: ::1 - UA: node
[2026-09-09T08:05:59.917Z] [API] GET /api/v1/projects?page=1&limit=50&status=all 200 - 1805ms - IP: ::1 - UA: node
[2026-09-09T08:06:00.258Z] [API] GET /api/v1/auth/me 200 - 232ms - IP: ::1 - UA: node
[2026-09-09T08:06:00.583Z] [API] GET /api/v1/auth/me 200 - 234ms - IP: ::1 - UA: node
[2026-09-09T08:06:01.133Z] [API] GET /api/v1/projects?page=1&limit=50&status=all 200 - 1815ms - IP: ::1 - UA: node
[POST] /auth/login request received for email: test.owner@shoots-preview.test
[2026-09-09T08:07:56.239Z] [API] POST /api/v1/auth/login 200 - 1446ms - IP: ::1 - UA: curl/8.12.1
[2026-09-09T08:07:57.860Z] [API] POST /api/v1/projects 201 - 1501ms - IP: ::1 - UA: curl/8.12.1
[2026-09-09T08:08:10.369Z] [API] PUT /api/v1/projects/6d114373-f5e5-4f2c-9684-93b906f5edec 200 - 2528ms - IP: ::1 - UA: curl/8.12.1
[2026-09-09T08:08:12.409Z] [API] GET /api/v1/projects/6d114373-f5e5-4f2c-9684-93b906f5edec 200 - 1857ms - IP: ::1 - UA: curl/8.12.1
[POST] /auth/login request received for email: test.owner@shoots-preview.test
[2026-09-09T08:10:50.224Z] [API] POST /api/v1/auth/login 200 - 1415ms - IP: ::1 - UA: node
[2026-09-09T08:10:51.678Z] [API] GET /api/v1/team-members 200 - 825ms - IP: ::1 - UA: node
[2026-09-09T08:10:52.113Z] [API] GET /api/v1/projects/upcoming-days 200 - 1426ms - IP: ::1 - UA: node
[2026-09-09T08:10:52.193Z] [API] GET /api/v1/auth/me 200 - 380ms - IP: ::1 - UA: node
[2026-09-09T08:10:52.616Z] [API] GET /api/v1/auth/me 200 - 345ms - IP: ::1 - UA: node
[2026-09-09T08:10:53.142Z] [API] GET /api/v1/projects/analytics 200 - 2275ms - IP: ::1 - UA: node
[2026-09-09T08:10:53.290Z] [API] GET /api/v1/projects 200 - 2430ms - IP: ::1 - UA: node
[2026-09-09T08:10:55.237Z] [API] GET /api/v1/team-members 200 - 237ms - IP: ::1 - UA: node
[2026-09-09T08:10:55.935Z] [API] GET /api/v1/auth/me 200 - 256ms - IP: ::1 - UA: node
[2026-09-09T08:10:56.290Z] [API] GET /api/v1/auth/me 200 - 231ms - IP: ::1 - UA: node
[2026-09-09T08:10:56.698Z] [API] GET /api/v1/projects/6d114373-f5e5-4f2c-9684-93b906f5edec 200 - 1706ms - IP: ::1 - UA: node
[2026-09-09T08:11:00.134Z] [API] PUT /api/v1/projects/6d114373-f5e5-4f2c-9684-93b906f5edec/days/bbaa07f4-77f0-490c-b4d0-b9e9d4bb6f15 200 - 519ms - IP: ::1 - UA: node
[2026-09-09T08:11:01.896Z] [API] PUT /api/v1/projects/6d114373-f5e5-4f2c-9684-93b906f5edec 200 - 1741ms - IP: ::1 - UA: node
[2026-09-09T08:11:02.192Z] [API] GET /api/v1/team-members 200 - 255ms - IP: ::1 - UA: node
[2026-09-09T08:11:03.222Z] [API] GET /api/v1/team-members 200 - 240ms - IP: ::1 - UA: node
[2026-09-09T08:11:04.066Z] [API] GET /api/v1/auth/me 200 - 244ms - IP: ::1 - UA: node
[2026-09-09T08:11:04.204Z] [API] GET /api/v1/projects/6d114373-f5e5-4f2c-9684-93b906f5edec 200 - 2274ms - IP: ::1 - UA: node
[2026-09-09T08:11:04.449Z] [API] GET /api/v1/auth/me 200 - 254ms - IP: ::1 - UA: node
[2026-09-09T08:11:04.742Z] [API] GET /api/v1/projects/6d114373-f5e5-4f2c-9684-93b906f5edec 200 - 1853ms - IP: ::1 - UA: node
[POST] /auth/login request received for email: test.owner@shoots-preview.test
[2026-09-09T08:12:25.140Z] [API] POST /api/v1/auth/login 200 - 1648ms - IP: ::1 - UA: node
[2026-09-09T08:12:26.640Z] [API] GET /api/v1/auth/me 200 - 383ms - IP: ::1 - UA: node
[2026-09-09T08:12:27.093Z] [API] GET /api/v1/auth/me 200 - 377ms - IP: ::1 - UA: node
[2026-09-09T08:12:27.372Z] [API] GET /api/v1/team-members 200 - 1722ms - IP: ::1 - UA: node
[2026-09-09T08:12:27.593Z] [API] GET /api/v1/projects/upcoming-days 200 - 2000ms - IP: ::1 - UA: node
[2026-09-09T08:12:28.539Z] [API] GET /api/v1/projects/analytics 200 - 2882ms - IP: ::1 - UA: node
[2026-09-09T08:12:31.085Z] [API] GET /api/v1/projects 200 - 5431ms - IP: ::1 - UA: node
[2026-09-09T08:12:33.119Z] [API] GET /api/v1/team-members 200 - 306ms - IP: ::1 - UA: node
[2026-09-09T08:12:33.816Z] [API] GET /api/v1/auth/me 200 - 220ms - IP: ::1 - UA: node
[2026-09-09T08:12:34.127Z] [API] GET /api/v1/auth/me 200 - 231ms - IP: ::1 - UA: node
[2026-09-09T08:12:34.550Z] [API] GET /api/v1/projects/6d114373-f5e5-4f2c-9684-93b906f5edec 200 - 1741ms - IP: ::1 - UA: node
[2026-09-09T08:12:41.619Z] [API] PUT /api/v1/projects/6d114373-f5e5-4f2c-9684-93b906f5edec/days/bbaa07f4-77f0-490c-b4d0-b9e9d4bb6f15 200 - 1902ms - IP: ::1 - UA: node
[2026-09-09T08:12:42.109Z] [API] POST /api/v1/projects/6d114373-f5e5-4f2c-9684-93b906f5edec/expenses 201 - 472ms - IP: ::1 - UA: node
[2026-09-09T08:12:44.097Z] [API] GET /api/v1/team-members 200 - 1038ms - IP: ::1 - UA: node
[2026-09-09T08:12:44.233Z] [API] PUT /api/v1/projects/6d114373-f5e5-4f2c-9684-93b906f5edec 200 - 2095ms - IP: ::1 - UA: node
[2026-09-09T08:12:44.304Z] [API] GET /api/v1/projects/6d114373-f5e5-4f2c-9684-93b906f5edec 200 - 1251ms - IP: ::1 - UA: node
[2026-09-09T08:12:44.542Z] [API] GET /api/v1/auth/me 200 - 283ms - IP: ::1 - UA: node
[2026-09-09T08:12:44.546Z] [API] GET /api/v1/team-members 200 - 252ms - IP: ::1 - UA: node
[2026-09-09T08:12:45.101Z] [API] GET /api/v1/auth/me 200 - 245ms - IP: ::1 - UA: node
[2026-09-09T08:12:45.620Z] [API] GET /api/v1/projects/6d114373-f5e5-4f2c-9684-93b906f5edec 200 - 1333ms - IP: ::1 - UA: node
[2026-09-09T08:13:23.413Z] [API] POST /api/v1/projects 201 - 2542ms - IP: ::1 - UA: curl/8.12.1
[POST] /auth/login request received for email: test.owner@shoots-preview.test
[2026-09-09T08:13:45.074Z] [API] POST /api/v1/auth/login 200 - 1404ms - IP: ::1 - UA: node
[2026-09-09T08:13:46.513Z] [API] GET /api/v1/projects/upcoming-days 200 - 964ms - IP: ::1 - UA: node
[2026-09-09T08:13:46.996Z] [API] GET /api/v1/team-members 200 - 1294ms - IP: ::1 - UA: node
[2026-09-09T08:13:47.240Z] [API] GET /api/v1/auth/me 200 - 364ms - IP: ::1 - UA: node
[2026-09-09T08:13:47.672Z] [API] GET /api/v1/projects/analytics 200 - 1958ms - IP: ::1 - UA: node
[2026-09-09T08:13:47.815Z] [API] GET /api/v1/auth/me 200 - 430ms - IP: ::1 - UA: node
[2026-09-09T08:13:49.048Z] [API] GET /api/v1/projects 200 - 3340ms - IP: ::1 - UA: node
[2026-09-09T08:13:51.257Z] [API] GET /api/v1/team-members 200 - 246ms - IP: ::1 - UA: node
[2026-09-09T08:13:52.266Z] [API] GET /api/v1/auth/me 200 - 298ms - IP: ::1 - UA: node
[2026-09-09T08:13:52.269Z] [API] GET /api/v1/projects/d427068c-24c9-48f9-9c75-c2a64868ed52 200 - 1262ms - IP: ::1 - UA: node
[2026-09-09T08:13:52.739Z] [API] GET /api/v1/auth/me 200 - 234ms - IP: ::1 - UA: node
[2026-09-09T08:14:00.163Z] [API] PUT /api/v1/projects/d427068c-24c9-48f9-9c75-c2a64868ed52/days/aa3ae005-7746-4bf8-9786-1b7e0c3d331f 200 - 2651ms - IP: ::1 - UA: node
[2026-09-09T08:14:01.547Z] [API] GET /api/v1/team-members 200 - 691ms - IP: ::1 - UA: node
[2026-09-09T08:14:01.687Z] [API] POST /api/v1/projects/d427068c-24c9-48f9-9c75-c2a64868ed52/expenses 201 - 1501ms - IP: ::1 - UA: node
[2026-09-09T08:14:02.016Z] [API] GET /api/v1/auth/me 200 - 246ms - IP: ::1 - UA: node
[2026-09-09T08:14:02.340Z] [API] GET /api/v1/auth/me 200 - 236ms - IP: ::1 - UA: node
[2026-09-09T08:14:02.932Z] [API] GET /api/v1/projects/d427068c-24c9-48f9-9c75-c2a64868ed52 200 - 2082ms - IP: ::1 - UA: node
[2026-09-09T08:14:03.166Z] [API] PUT /api/v1/projects/d427068c-24c9-48f9-9c75-c2a64868ed52 200 - 1402ms - IP: ::1 - UA: node
[2026-09-09T08:14:03.432Z] [API] GET /api/v1/team-members 200 - 228ms - IP: ::1 - UA: node
[2026-09-09T08:14:04.456Z] [API] GET /api/v1/projects/d427068c-24c9-48f9-9c75-c2a64868ed52 200 - 1246ms - IP: ::1 - UA: node
[2026-09-09T08:16:52.801Z] [API] POST /api/v1/projects 201 - 2757ms - IP: ::1 - UA: node
[POST] /auth/login request received for email: test.owner@shoots-preview.test
[2026-09-09T08:16:57.467Z] [API] POST /api/v1/auth/login 200 - 1861ms - IP: ::1 - UA: node
[2026-09-09T08:16:58.781Z] [API] GET /api/v1/team-members 200 - 748ms - IP: ::1 - UA: node
[2026-09-09T08:16:58.947Z] [API] GET /api/v1/projects/upcoming-days 200 - 1009ms - IP: ::1 - UA: node
[2026-09-09T08:16:59.259Z] [API] GET /api/v1/auth/me 200 - 244ms - IP: ::1 - UA: node
[2026-09-09T08:16:59.498Z] [API] GET /api/v1/projects/analytics 200 - 1453ms - IP: ::1 - UA: node
[2026-09-09T08:16:59.680Z] [API] GET /api/v1/auth/me 200 - 242ms - IP: ::1 - UA: node
[2026-09-09T08:17:00.211Z] [API] GET /api/v1/projects 200 - 2172ms - IP: ::1 - UA: node
[2026-09-09T08:17:02.359Z] [API] GET /api/v1/team-members 200 - 239ms - IP: ::1 - UA: node
[2026-09-09T08:17:03.275Z] [API] GET /api/v1/auth/me 200 - 231ms - IP: ::1 - UA: node
[2026-09-09T08:17:03.353Z] [API] GET /api/v1/projects/2e71303e-df3f-4ac2-bb0c-cd3a3253ca63 200 - 1303ms - IP: ::1 - UA: node
[2026-09-09T08:17:03.757Z] [API] GET /api/v1/auth/me 200 - 277ms - IP: ::1 - UA: node
[2026-09-09T08:17:10.415Z] [API] PUT /api/v1/projects/2e71303e-df3f-4ac2-bb0c-cd3a3253ca63/days/46a44f41-07a8-4b7d-8be6-b822f30e5296 200 - 1556ms - IP: ::1 - UA: node
[2026-09-09T08:17:11.037Z] [API] POST /api/v1/projects/2e71303e-df3f-4ac2-bb0c-cd3a3253ca63/expenses 201 - 602ms - IP: ::1 - UA: node
[2026-09-09T08:17:12.986Z] [API] GET /api/v1/team-members 200 - 740ms - IP: ::1 - UA: node
[2026-09-09T08:17:13.206Z] [API] PUT /api/v1/projects/2e71303e-df3f-4ac2-bb0c-cd3a3253ca63 200 - 2148ms - IP: ::1 - UA: node
[2026-09-09T08:17:13.339Z] [API] GET /api/v1/auth/me 200 - 225ms - IP: ::1 - UA: node
[2026-09-09T08:17:13.479Z] [API] GET /api/v1/projects/2e71303e-df3f-4ac2-bb0c-cd3a3253ca63 200 - 1238ms - IP: ::1 - UA: node
[2026-09-09T08:17:13.484Z] [API] GET /api/v1/team-members 200 - 228ms - IP: ::1 - UA: node
[2026-09-09T08:17:13.690Z] [API] GET /api/v1/auth/me 200 - 233ms - IP: ::1 - UA: node
[2026-09-09T08:17:14.612Z] [API] GET /api/v1/projects/2e71303e-df3f-4ac2-bb0c-cd3a3253ca63 200 - 1370ms - IP: ::1 - UA: node
[2026-09-09T08:17:37.945Z] [API] DELETE /api/v1/projects/6d114373-f5e5-4f2c-9684-93b906f5edec 200 - 848ms - IP: ::1 - UA: curl/8.12.1
[2026-09-09T08:17:38.324Z] [API] DELETE /api/v1/projects/d427068c-24c9-48f9-9c75-c2a64868ed52 200 - 256ms - IP: ::1 - UA: curl/8.12.1
[2026-09-09T08:17:38.707Z] [API] DELETE /api/v1/projects/2e71303e-df3f-4ac2-bb0c-cd3a3253ca63 200 - 246ms - IP: ::1 - UA: curl/8.12.1
[2026-09-09T09:23:31.937Z] [API] GET /health 200 - 2ms - IP: ::1 - UA: curl/8.12.1
[POST] /auth/login request received for email: crew.alpha@shoots-preview.test
[2026-09-09T09:24:12.120Z] [API] POST /api/v1/auth/login 200 - 2184ms - IP: ::1 - UA: node
[2026-09-09T09:24:13.459Z] [API] GET /api/v1/auth/me 200 - 427ms - IP: ::1 - UA: node
[2026-09-09T09:24:13.824Z] [API] GET /api/v1/auth/me 200 - 319ms - IP: ::1 - UA: node
[2026-09-09T09:24:14.183Z] [API] GET /api/v1/team-members 200 - 1726ms - IP: ::1 - UA: node
[2026-09-09T09:24:14.203Z] [API] GET /api/v1/projects/upcoming-days 200 - 1817ms - IP: ::1 - UA: node
[2026-09-09T09:24:14.990Z] [API] GET /api/v1/projects/analytics 200 - 2520ms - IP: ::1 - UA: node
[2026-09-09T09:24:16.098Z] [API] GET /api/v1/projects 200 - 3634ms - IP: ::1 - UA: node
[2026-09-09T09:24:18.291Z] [API] GET /api/v1/team-members 200 - 254ms - IP: ::1 - UA: node
[2026-09-09T09:24:18.757Z] [API] GET /api/v1/auth/me 200 - 237ms - IP: ::1 - UA: node
[2026-09-09T09:24:19.074Z] [API] GET /api/v1/auth/me 200 - 241ms - IP: ::1 - UA: node
[2026-09-09T09:24:20.670Z] [API] GET /api/v1/projects/4b51e59b-a791-42f9-b321-38c72274a521 200 - 2640ms - IP: ::1 - UA: node
[POST] /auth/login request received for email: test.owner@shoots-preview.test
[2026-09-09T09:26:16.569Z] [API] POST /api/v1/auth/login 200 - 1130ms - IP: ::1 - UA: node
[2026-09-09T09:26:17.609Z] [API] GET /api/v1/team-members 200 - 749ms - IP: ::1 - UA: node
[2026-09-09T09:26:17.752Z] [API] GET /api/v1/auth/me 200 - 281ms - IP: ::1 - UA: node
[2026-09-09T09:26:17.964Z] [API] GET /api/v1/projects/upcoming-days 200 - 1181ms - IP: ::1 - UA: node
[2026-09-09T09:26:18.103Z] [API] GET /api/v1/auth/me 200 - 291ms - IP: ::1 - UA: node
[2026-09-09T09:26:18.844Z] [API] GET /api/v1/projects/analytics 200 - 1973ms - IP: ::1 - UA: node
[2026-09-09T09:26:19.864Z] [API] GET /api/v1/projects 200 - 2998ms - IP: ::1 - UA: node
[2026-09-09T09:26:22.573Z] [API] GET /api/v1/auth/me 200 - 246ms - IP: ::1 - UA: node
[2026-09-09T09:26:22.931Z] [API] GET /api/v1/auth/me 200 - 300ms - IP: ::1 - UA: node
[2026-09-09T09:26:28.954Z] [API] GET /api/v1/auth/me 200 - 813ms - IP: ::1 - UA: node
[2026-09-09T09:26:29.964Z] [API] GET /api/v1/auth/me 200 - 1071ms - IP: ::1 - UA: node
[2026-09-09T09:26:30.240Z] [API] GET /api/v1/auth/me 200 - 228ms - IP: ::1 - UA: node
[2026-09-09T09:26:32.584Z] [API] PUT /api/v1/auth/me 200 - 244ms - IP: ::1 - UA: node
[2026-09-09T09:26:33.072Z] [API] GET /api/v1/auth/me 200 - 230ms - IP: ::1 - UA: node
[2026-09-09T09:26:33.355Z] [API] GET /api/v1/auth/me 200 - 227ms - IP: ::1 - UA: node
[2026-09-09T09:26:34.723Z] [API] GET /api/v1/auth/me 200 - 226ms - IP: ::1 - UA: node
[2026-09-09T09:26:35.245Z] [API] GET /api/v1/auth/me 200 - 225ms - IP: ::1 - UA: node
[2026-09-09T09:26:35.596Z] [API] GET /api/v1/auth/me 200 - 235ms - IP: ::1 - UA: node
[2026-09-09T09:26:39.861Z] [API] GET /api/v1/feedback/status 200 - 253ms - IP: ::1 - UA: node
[2026-09-09T09:26:40.582Z] [API] GET /api/v1/auth/me 200 - 227ms - IP: ::1 - UA: node
[2026-09-09T09:26:40.923Z] [API] GET /api/v1/auth/me 200 - 241ms - IP: ::1 - UA: node
[2026-09-09T09:26:43.702Z] [API] POST /api/v1/feedback 201 - 1003ms - IP: ::1 - UA: node
[2026-09-09T09:26:44.522Z] [API] GET /api/v1/feedback/status 200 - 225ms - IP: ::1 - UA: node
[2026-09-09T09:26:44.997Z] [API] GET /api/v1/auth/me 200 - 225ms - IP: ::1 - UA: node
[2026-09-09T09:26:45.318Z] [API] GET /api/v1/auth/me 200 - 244ms - IP: ::1 - UA: node
[2026-09-09T09:26:48.057Z] [API] GET /api/v1/auth/me 200 - 264ms - IP: ::1 - UA: node
[2026-09-09T09:26:48.355Z] [API] GET /api/v1/auth/me 200 - 225ms - IP: ::1 - UA: node
[2026-09-09T09:26:51.965Z] [API] GET /api/v1/auth/me 200 - 230ms - IP: ::1 - UA: node
[2026-09-09T09:26:52.281Z] [API] GET /api/v1/auth/me 200 - 238ms - IP: ::1 - UA: node
[POST] /auth/login request received for email: test.owner@shoots-preview.test
[2026-09-09T09:28:26.939Z] [API] POST /api/v1/auth/login 200 - 1067ms - IP: ::1 - UA: node
[2026-09-09T09:28:28.038Z] [API] GET /api/v1/team-members 200 - 747ms - IP: ::1 - UA: node
[2026-09-09T09:28:28.155Z] [API] GET /api/v1/projects/upcoming-days 200 - 940ms - IP: ::1 - UA: node
[2026-09-09T09:28:28.258Z] [API] GET /api/v1/auth/me 200 - 241ms - IP: ::1 - UA: node
[2026-09-09T09:28:28.582Z] [API] GET /api/v1/auth/me 200 - 242ms - IP: ::1 - UA: node
[2026-09-09T09:28:29.217Z] [API] GET /api/v1/projects/analytics 200 - 1911ms - IP: ::1 - UA: node
[2026-09-09T09:28:29.472Z] [API] GET /api/v1/projects 200 - 2174ms - IP: ::1 - UA: node
[2026-09-09T09:28:32.484Z] [API] GET /api/v1/auth/me 200 - 274ms - IP: ::1 - UA: node
[2026-09-09T09:28:32.808Z] [API] GET /api/v1/auth/me 200 - 226ms - IP: ::1 - UA: node
[2026-09-09T09:28:35.839Z] [API] PUT /api/v1/auth/me 400 - 610ms - IP: ::1 - UA: node
[2026-09-09T09:28:38.128Z] [API] PUT /api/v1/auth/me 200 - 1230ms - IP: ::1 - UA: node
[2026-09-09T09:28:40.065Z] [API] GET /api/v1/team-members 200 - 729ms - IP: ::1 - UA: node
[2026-09-09T09:28:40.192Z] [API] GET /api/v1/projects/upcoming-days 200 - 924ms - IP: ::1 - UA: node
[2026-09-09T09:28:40.217Z] [API] GET /api/v1/auth/me 200 - 227ms - IP: ::1 - UA: node
[2026-09-09T09:28:40.503Z] [API] GET /api/v1/auth/me 200 - 230ms - IP: ::1 - UA: node
[2026-09-09T09:28:40.746Z] [API] GET /api/v1/projects/analytics 200 - 1403ms - IP: ::1 - UA: node
[2026-09-09T09:28:41.925Z] [API] GET /api/v1/projects 200 - 2586ms - IP: ::1 - UA: node
[POST] /auth/login request received for email: test.owner@shoots-preview.test
[2026-09-09T09:28:44.382Z] [API] POST /api/v1/auth/login 200 - 512ms - IP: ::1 - UA: node
[2026-09-09T09:28:45.217Z] [API] GET /api/v1/projects/upcoming-days 200 - 561ms - IP: ::1 - UA: node
[2026-09-09T09:28:45.293Z] [API] GET /api/v1/auth/me 200 - 247ms - IP: ::1 - UA: node
[2026-09-09T09:28:45.461Z] [API] GET /api/v1/team-members 200 - 738ms - IP: ::1 - UA: node
[2026-09-09T09:28:45.569Z] [API] GET /api/v1/auth/me 200 - 228ms - IP: ::1 - UA: node
[2026-09-09T09:28:46.163Z] [API] GET /api/v1/projects/analytics 200 - 1437ms - IP: ::1 - UA: node
[2026-09-09T09:28:47.011Z] [API] GET /api/v1/projects 200 - 2343ms - IP: ::1 - UA: node
[POST] /auth/login request received for email: test.owner@shoots-preview.test
[2026-09-09T09:30:06.186Z] [API] POST /api/v1/auth/login 200 - 1075ms - IP: ::1 - UA: node
[2026-09-09T09:30:07.102Z] [API] GET /api/v1/auth/me 200 - 249ms - IP: ::1 - UA: node
[2026-09-09T09:30:07.327Z] [API] GET /api/v1/team-members 200 - 894ms - IP: ::1 - UA: node
[2026-09-09T09:30:07.410Z] [API] GET /api/v1/projects/upcoming-days 200 - 1018ms - IP: ::1 - UA: node
[2026-09-09T09:30:07.412Z] [API] GET /api/v1/auth/me 200 - 229ms - IP: ::1 - UA: node
[2026-09-09T09:30:09.568Z] [API] GET /api/v1/projects/analytics 200 - 3124ms - IP: ::1 - UA: node
[2026-09-09T09:30:10.312Z] [API] GET /api/v1/projects 200 - 3873ms - IP: ::1 - UA: node
[2026-09-09T09:30:12.258Z] [API] GET /api/v1/team-members 200 - 225ms - IP: ::1 - UA: node
[2026-09-09T09:30:12.576Z] [API] GET /api/v1/auth/me 200 - 233ms - IP: ::1 - UA: node
[2026-09-09T09:30:12.887Z] [API] GET /api/v1/auth/me 200 - 234ms - IP: ::1 - UA: node
[2026-09-09T09:30:18.653Z] [API] GET /api/v1/team-members 200 - 1521ms - IP: ::1 - UA: node
[2026-09-09T09:30:20.544Z] [API] GET /api/v1/projects?limit=200&status=all 200 - 3393ms - IP: ::1 - UA: node
[2026-09-09T09:30:22.096Z] [API] PUT /api/v1/projects/4b51e59b-a791-42f9-b321-38c72274a521/members/013ff42c-511e-418a-b7d8-5252718e182f 200 - 700ms - IP: ::1 - UA: node
[2026-09-09T09:30:23.298Z] [API] GET /api/v1/team-members 200 - 240ms - IP: ::1 - UA: node
[2026-09-09T09:30:23.646Z] [API] GET /api/v1/auth/me 200 - 222ms - IP: ::1 - UA: node
[2026-09-09T09:30:23.924Z] [API] GET /api/v1/auth/me 200 - 235ms - IP: ::1 - UA: node
[2026-09-09T09:30:25.279Z] [API] GET /api/v1/projects?limit=200&status=all 200 - 2174ms - IP: ::1 - UA: node
[2026-09-09T09:30:27.897Z] [API] PUT /api/v1/projects/4b51e59b-a791-42f9-b321-38c72274a521/members/013ff42c-511e-418a-b7d8-5252718e182f 200 - 690ms - IP: ::1 - UA: node
[POST] /auth/login request received for email: test.owner@shoots-preview.test
[2026-09-09T09:31:52.494Z] [API] POST /api/v1/auth/login 200 - 1284ms - IP: ::1 - UA: node
[2026-09-09T09:31:53.430Z] [API] GET /api/v1/auth/me 200 - 235ms - IP: ::1 - UA: node
[2026-09-09T09:31:53.495Z] [API] GET /api/v1/team-members 200 - 730ms - IP: ::1 - UA: node
[2026-09-09T09:31:53.623Z] [API] GET /api/v1/projects/upcoming-days 200 - 924ms - IP: ::1 - UA: node
[2026-09-09T09:31:53.716Z] [API] GET /api/v1/auth/me 200 - 232ms - IP: ::1 - UA: node
[2026-09-09T09:31:55.476Z] [API] GET /api/v1/projects/analytics 200 - 2705ms - IP: ::1 - UA: node
[2026-09-09T09:31:56.707Z] [API] GET /api/v1/projects 200 - 3939ms - IP: ::1 - UA: node
[2026-09-09T09:31:58.788Z] [API] GET /api/v1/team-members 200 - 238ms - IP: ::1 - UA: node
[2026-09-09T09:31:59.085Z] [API] GET /api/v1/auth/me 200 - 243ms - IP: ::1 - UA: node
[2026-09-09T09:31:59.391Z] [API] GET /api/v1/auth/me 200 - 233ms - IP: ::1 - UA: node
[2026-09-09T09:32:00.162Z] [API] GET /api/v1/projects/4b51e59b-a791-42f9-b321-38c72274a521 200 - 1616ms - IP: ::1 - UA: node
[2026-09-09T09:32:02.632Z] [API] POST /api/v1/projects/4b51e59b-a791-42f9-b321-38c72274a521/share 200 - 517ms - IP: ::1 - UA: node
[2026-09-09T09:32:04.218Z] [API] DELETE /api/v1/projects/4b51e59b-a791-42f9-b321-38c72274a521/share 200 - 464ms - IP: ::1 - UA: node
[2026-09-09T09:32:05.602Z] [API] GET /api/v1/auth/me 200 - 233ms - IP: ::1 - UA: node
[2026-09-09T09:32:05.882Z] [API] GET /api/v1/auth/me 200 - 235ms - IP: ::1 - UA: node
[2026-09-09T09:32:09.035Z] [API] GET /api/v1/auth/me 200 - 232ms - IP: ::1 - UA: node
[2026-09-09T09:32:09.353Z] [API] GET /api/v1/auth/me 200 - 235ms - IP: ::1 - UA: node
[2026-09-09T09:32:10.490Z] [API] GET /api/v1/projects/earnings-history?page=1 200 - 2133ms - IP: ::1 - UA: node
[POST] /auth/login request received for email: test.owner@shoots-preview.test
[2026-09-09T09:33:08.523Z] [API] POST /api/v1/auth/login 200 - 1041ms - IP: ::1 - UA: node
[2026-09-09T09:33:09.446Z] [API] GET /api/v1/auth/me 200 - 232ms - IP: ::1 - UA: node
[2026-09-09T09:33:09.543Z] [API] GET /api/v1/team-members 200 - 731ms - IP: ::1 - UA: node
[2026-09-09T09:33:09.697Z] [API] GET /api/v1/projects/upcoming-days 200 - 942ms - IP: ::1 - UA: node
[2026-09-09T09:33:09.718Z] [API] GET /api/v1/auth/me 200 - 232ms - IP: ::1 - UA: node
[2026-09-09T09:33:10.261Z] [API] GET /api/v1/projects/analytics 200 - 1442ms - IP: ::1 - UA: node
[2026-09-09T09:33:11.855Z] [API] GET /api/v1/projects 200 - 3040ms - IP: ::1 - UA: node
[2026-09-09T09:33:13.832Z] [API] GET /api/v1/team-members 200 - 242ms - IP: ::1 - UA: node
[2026-09-09T09:33:14.240Z] [API] GET /api/v1/auth/me 200 - 228ms - IP: ::1 - UA: node
[2026-09-09T09:33:14.506Z] [API] GET /api/v1/auth/me 200 - 227ms - IP: ::1 - UA: node
[2026-09-09T09:33:15.191Z] [API] GET /api/v1/projects/4b51e59b-a791-42f9-b321-38c72274a521 200 - 1603ms - IP: ::1 - UA: node
[2026-09-09T09:33:17.634Z] [API] POST /api/v1/projects/4b51e59b-a791-42f9-b321-38c72274a521/share 200 - 465ms - IP: ::1 - UA: node
[2026-09-09T09:33:20.482Z] [API] GET /api/v1/public/shoot/hHfalWjzojwFjzn42VD4hJYtBIzXpUz9 200 - 917ms - IP: ::1 - UA: node
[2026-09-09T09:33:23.280Z] [API] DELETE /api/v1/projects/4b51e59b-a791-42f9-b321-38c72274a521/share 200 - 471ms - IP: ::1 - UA: node
[POST] /auth/forgot-password request received for email: test.owner@shoots-preview.test
Brevo API Error 401: Status code: 401
Body: {
  "message": "We have detected you are using an unrecognised IP address 49.36.16.16. If you performed this action make sure to add the new IP address in this link: https://app.brevo.com/security/authorised_ips",
  "code": "unauthorized"
}
Forgot password: failed to send reset email to test.owner@shoots-preview.test
[POST] /auth/login request received for email: test.owner@shoots-preview.test
[2026-09-09T09:34:57.848Z] [API] POST /api/v1/auth/login 200 - 775ms - IP: ::1 - UA: node
[2026-09-09T09:34:58.452Z] [API] GET /api/v1/team-members 200 - 227ms - IP: ::1 - UA: node
[2026-09-09T09:34:59.036Z] [API] GET /api/v1/auth/me 200 - 284ms - IP: ::1 - UA: node
[2026-09-09T09:34:59.445Z] [API] GET /api/v1/auth/me 200 - 271ms - IP: ::1 - UA: node
[2026-09-09T09:34:59.524Z] [API] GET /api/v1/projects/upcoming-days 200 - 1365ms - IP: ::1 - UA: node
[2026-09-09T09:35:00.317Z] [API] GET /api/v1/projects/analytics 200 - 2083ms - IP: ::1 - UA: node
[2026-09-09T09:35:00.482Z] [API] GET /api/v1/projects 200 - 2253ms - IP: ::1 - UA: node
[2026-09-09T09:35:04.443Z] [API] GET /api/v1/auth/me 200 - 250ms - IP: ::1 - UA: node
[2026-09-09T09:35:04.737Z] [API] GET /api/v1/auth/me 200 - 248ms - IP: ::1 - UA: node
[2026-09-09T09:35:06.052Z] [API] GET /api/v1/projects?limit=200&status=all 200 - 2216ms - IP: ::1 - UA: node
[2026-09-09T09:35:08.353Z] [API] GET /api/v1/team-members 200 - 233ms - IP: ::1 - UA: node
[2026-09-09T09:35:08.924Z] [API] GET /api/v1/auth/me 200 - 228ms - IP: ::1 - UA: node
[2026-09-09T09:35:09.243Z] [API] GET /api/v1/projects/4b51e59b-a791-42f9-b321-38c72274a521 200 - 1176ms - IP: ::1 - UA: node
[2026-09-09T09:35:09.251Z] [API] GET /api/v1/auth/me 200 - 245ms - IP: ::1 - UA: node
[POST] /auth/login request received for email: test.owner@shoots-preview.test
[2026-09-09T09:36:19.159Z] [API] POST /api/v1/auth/login 200 - 1075ms - IP: ::1 - UA: node
[2026-09-09T09:36:20.244Z] [API] GET /api/v1/auth/me 200 - 231ms - IP: ::1 - UA: node
[2026-09-09T09:36:20.247Z] [API] GET /api/v1/team-members 200 - 741ms - IP: ::1 - UA: node
[2026-09-09T09:36:20.410Z] [API] GET /api/v1/projects/upcoming-days 200 - 973ms - IP: ::1 - UA: node
[2026-09-09T09:36:20.570Z] [API] GET /api/v1/auth/me 200 - 237ms - IP: ::1 - UA: node
[2026-09-09T09:36:20.953Z] [API] GET /api/v1/projects/analytics 200 - 1433ms - IP: ::1 - UA: node
[2026-09-09T09:36:22.118Z] [API] GET /api/v1/projects 200 - 2605ms - IP: ::1 - UA: node
[2026-09-09T09:36:24.185Z] [API] GET /api/v1/team-members 200 - 237ms - IP: ::1 - UA: node
[2026-09-09T09:36:24.794Z] [API] GET /api/v1/auth/me 200 - 239ms - IP: ::1 - UA: node
[2026-09-09T09:36:25.109Z] [API] GET /api/v1/projects/4b51e59b-a791-42f9-b321-38c72274a521 200 - 1163ms - IP: ::1 - UA: node
[2026-09-09T09:36:25.134Z] [API] GET /api/v1/auth/me 200 - 249ms - IP: ::1 - UA: node
[POST] /auth/login request received for email: test.owner@shoots-preview.test
[2026-09-09T09:37:32.881Z] [API] POST /api/v1/auth/login 200 - 1144ms - IP: ::1 - UA: node
[2026-09-09T09:37:33.889Z] [API] GET /api/v1/team-members 200 - 692ms - IP: ::1 - UA: node
[2026-09-09T09:37:34.079Z] [API] GET /api/v1/auth/me 200 - 238ms - IP: ::1 - UA: node
[2026-09-09T09:37:34.090Z] [API] GET /api/v1/projects/upcoming-days 200 - 963ms - IP: ::1 - UA: node
[2026-09-09T09:37:34.402Z] [API] GET /api/v1/auth/me 200 - 229ms - IP: ::1 - UA: node
[2026-09-09T09:37:34.636Z] [API] GET /api/v1/projects/analytics 200 - 1430ms - IP: ::1 - UA: node
[2026-09-09T09:37:35.319Z] [API] GET /api/v1/projects 200 - 2117ms - IP: ::1 - UA: node
[2026-09-09T09:37:37.441Z] [API] GET /api/v1/team-members 200 - 227ms - IP: ::1 - UA: node
[2026-09-09T09:37:38.077Z] [API] GET /api/v1/auth/me 200 - 261ms - IP: ::1 - UA: node
[2026-09-09T09:37:38.399Z] [API] GET /api/v1/projects/4b51e59b-a791-42f9-b321-38c72274a521 200 - 1245ms - IP: ::1 - UA: node
[2026-09-09T09:37:38.435Z] [API] GET /api/v1/auth/me 200 - 230ms - IP: ::1 - UA: node
[POST] /auth/login request received for email: test.owner@shoots-preview.test
[2026-09-09T09:38:55.579Z] [API] POST /api/v1/auth/login 200 - 1358ms - IP: ::1 - UA: node
[2026-09-09T09:38:57.439Z] [API] GET /api/v1/team-members 200 - 1430ms - IP: ::1 - UA: node
[2026-09-09T09:38:58.317Z] [API] GET /api/v1/auth/me 200 - 1496ms - IP: ::1 - UA: node
[2026-09-09T09:38:58.321Z] [API] GET /api/v1/projects/upcoming-days 200 - 2411ms - IP: ::1 - UA: node
[2026-09-09T09:38:58.550Z] [API] GET /api/v1/projects/analytics 200 - 2529ms - IP: ::1 - UA: node
[2026-09-09T09:38:58.830Z] [API] GET /api/v1/auth/me 200 - 349ms - IP: ::1 - UA: node
[2026-09-09T09:38:59.567Z] [API] GET /api/v1/projects 200 - 3553ms - IP: ::1 - UA: node
[2026-09-09T09:39:01.900Z] [API] GET /api/v1/team-members 200 - 244ms - IP: ::1 - UA: node
[2026-09-09T09:39:02.536Z] [API] GET /api/v1/auth/me 200 - 216ms - IP: ::1 - UA: node
[2026-09-09T09:39:02.730Z] [API] GET /api/v1/projects/4b51e59b-a791-42f9-b321-38c72274a521 200 - 1156ms - IP: ::1 - UA: node
[2026-09-09T09:39:02.828Z] [API] GET /api/v1/auth/me 200 - 216ms - IP: ::1 - UA: node
[POST] /auth/login request received for email: test.owner@shoots-preview.test
[2026-09-09T09:40:06.557Z] [API] POST /api/v1/auth/login 200 - 1054ms - IP: ::1 - UA: node
[2026-09-09T09:40:07.671Z] [API] GET /api/v1/auth/me 200 - 280ms - IP: ::1 - UA: node
[2026-09-09T09:40:07.744Z] [API] GET /api/v1/team-members 200 - 853ms - IP: ::1 - UA: node
[2026-09-09T09:40:07.871Z] [API] GET /api/v1/projects/upcoming-days 200 - 1048ms - IP: ::1 - UA: node
[2026-09-09T09:40:08.024Z] [API] GET /api/v1/auth/me 200 - 282ms - IP: ::1 - UA: node
[2026-09-09T09:40:08.545Z] [API] GET /api/v1/projects/analytics 200 - 1640ms - IP: ::1 - UA: node
[2026-09-09T09:40:11.549Z] [API] GET /api/v1/projects 200 - 4652ms - IP: ::1 - UA: node
[2026-09-09T09:40:13.710Z] [API] GET /api/v1/team-members 200 - 242ms - IP: ::1 - UA: node
[2026-09-09T09:40:14.238Z] [API] GET /api/v1/auth/me 200 - 248ms - IP: ::1 - UA: node
[2026-09-09T09:40:14.594Z] [API] GET /api/v1/auth/me 200 - 237ms - IP: ::1 - UA: node
[2026-09-09T09:40:15.138Z] [API] GET /api/v1/projects/4b51e59b-a791-42f9-b321-38c72274a521 200 - 1674ms - IP: ::1 - UA: node
[POST] /auth/login request received for email: test.owner@shoots-preview.test
[2026-09-09T09:41:28.447Z] [API] POST /api/v1/auth/login 200 - 1110ms - IP: ::1 - UA: node
[2026-09-09T09:41:29.511Z] [API] GET /api/v1/auth/me 200 - 243ms - IP: ::1 - UA: node
[2026-09-09T09:41:29.646Z] [API] GET /api/v1/team-members 200 - 874ms - IP: ::1 - UA: node
[2026-09-09T09:41:29.734Z] [API] GET /api/v1/projects/upcoming-days 200 - 1033ms - IP: ::1 - UA: node
[2026-09-09T09:41:29.883Z] [API] GET /api/v1/auth/me 200 - 269ms - IP: ::1 - UA: node
[2026-09-09T09:41:30.455Z] [API] GET /api/v1/projects/analytics 200 - 1676ms - IP: ::1 - UA: node
[2026-09-09T09:41:32.074Z] [API] GET /api/v1/projects 200 - 3298ms - IP: ::1 - UA: node
[2026-09-09T09:41:34.169Z] [API] GET /api/v1/team-members 200 - 327ms - IP: ::1 - UA: node
[2026-09-09T09:41:34.448Z] [API] GET /api/v1/auth/me 200 - 233ms - IP: ::1 - UA: node
[2026-09-09T09:41:34.730Z] [API] GET /api/v1/auth/me 200 - 234ms - IP: ::1 - UA: node
[2026-09-09T09:41:35.597Z] [API] GET /api/v1/projects/4b51e59b-a791-42f9-b321-38c72274a521 200 - 1757ms - IP: ::1 - UA: node
[2026-09-09T09:41:42.263Z] [API] PUT /api/v1/projects/4b51e59b-a791-42f9-b321-38c72274a521/days/324888e3-23f6-4de0-b559-099649aa95fe 200 - 986ms - IP: ::1 - UA: node
[2026-09-09T09:41:42.735Z] [API] PUT /api/v1/projects/4b51e59b-a791-42f9-b321-38c72274a521/days/a0dd2907-1503-4e8c-8011-3d607a425bcd 200 - 1453ms - IP: ::1 - UA: node
[2026-09-09T09:41:43.497Z] [API] POST /api/v1/projects/4b51e59b-a791-42f9-b321-38c72274a521/milestones 201 - 723ms - IP: ::1 - UA: node
[2026-09-09T09:41:44.634Z] [API] GET /api/v1/team-members 200 - 246ms - IP: ::1 - UA: node
[2026-09-09T09:41:45.279Z] [API] GET /api/v1/auth/me 200 - 236ms - IP: ::1 - UA: node
[2026-09-09T09:41:45.441Z] [API] PUT /api/v1/projects/4b51e59b-a791-42f9-b321-38c72274a521 200 - 1902ms - IP: ::1 - UA: node
[2026-09-09T09:41:45.498Z] [API] GET /api/v1/projects/4b51e59b-a791-42f9-b321-38c72274a521 200 - 1180ms - IP: ::1 - UA: node
[2026-09-09T09:41:45.601Z] [API] GET /api/v1/auth/me 200 - 239ms - IP: ::1 - UA: node
[2026-09-09T09:41:45.716Z] [API] GET /api/v1/team-members 200 - 249ms - IP: ::1 - UA: node
[2026-09-09T09:41:46.642Z] [API] GET /api/v1/projects/4b51e59b-a791-42f9-b321-38c72274a521 200 - 1183ms - IP: ::1 - UA: node
[POST] /auth/login request received for email: test.owner@shoots-preview.test
[2026-09-09T09:43:02.027Z] [API] POST /api/v1/auth/login 200 - 1033ms - IP: ::1 - UA: node
[2026-09-09T09:43:02.908Z] [API] GET /api/v1/auth/me 200 - 231ms - IP: ::1 - UA: node
[2026-09-09T09:43:03.001Z] [API] GET /api/v1/team-members 200 - 708ms - IP: ::1 - UA: node
[2026-09-09T09:43:03.191Z] [API] GET /api/v1/projects/upcoming-days 200 - 948ms - IP: ::1 - UA: node
[2026-09-09T09:43:03.217Z] [API] GET /api/v1/auth/me 200 - 221ms - IP: ::1 - UA: node
[2026-09-09T09:43:03.652Z] [API] GET /api/v1/projects/analytics 200 - 1355ms - IP: ::1 - UA: node
[2026-09-09T09:43:04.693Z] [API] GET /api/v1/projects 200 - 2398ms - IP: ::1 - UA: node
[2026-09-09T09:43:07.081Z] [API] GET /api/v1/auth/me 200 - 233ms - IP: ::1 - UA: node
[2026-09-09T09:43:07.365Z] [API] GET /api/v1/auth/me 200 - 230ms - IP: ::1 - UA: node
[POST] /auth/login request received for email: test.owner@shoots-preview.test
[2026-09-09T09:44:21.840Z] [API] POST /api/v1/auth/login 200 - 1108ms - IP: ::1 - UA: node
[2026-09-09T09:44:22.978Z] [API] GET /api/v1/auth/me 200 - 241ms - IP: ::1 - UA: node
[2026-09-09T09:44:23.292Z] [API] GET /api/v1/auth/me 200 - 271ms - IP: ::1 - UA: node
[2026-09-09T09:44:23.498Z] [API] GET /api/v1/team-members 200 - 1346ms - IP: ::1 - UA: node
[2026-09-09T09:44:23.575Z] [API] GET /api/v1/projects/upcoming-days 200 - 1481ms - IP: ::1 - UA: node
[2026-09-09T09:44:24.520Z] [API] GET /api/v1/projects/analytics 200 - 2357ms - IP: ::1 - UA: node
[2026-09-09T09:44:27.826Z] [API] GET /api/v1/projects 200 - 5667ms - IP: ::1 - UA: node
[2026-09-09T09:44:30.272Z] [API] GET /api/v1/auth/me 200 - 235ms - IP: ::1 - UA: node
[2026-09-09T09:44:30.559Z] [API] GET /api/v1/auth/me 200 - 240ms - IP: ::1 - UA: node
[POST] /auth/login request received for email: test.owner@shoots-preview.test
[2026-09-09T09:45:46.272Z] [API] POST /api/v1/auth/login 200 - 1002ms - IP: ::1 - UA: node
[2026-09-09T09:45:47.098Z] [API] GET /api/v1/auth/me 200 - 236ms - IP: ::1 - UA: node
[2026-09-09T09:45:47.170Z] [API] GET /api/v1/team-members 200 - 698ms - IP: ::1 - UA: node
[2026-09-09T09:45:47.376Z] [API] GET /api/v1/auth/me 200 - 243ms - IP: ::1 - UA: node
[2026-09-09T09:45:47.377Z] [API] GET /api/v1/projects/upcoming-days 200 - 955ms - IP: ::1 - UA: node
[2026-09-09T09:45:47.897Z] [API] GET /api/v1/projects/analytics 200 - 1419ms - IP: ::1 - UA: node
[2026-09-09T09:45:48.614Z] [API] GET /api/v1/projects 200 - 2139ms - IP: ::1 - UA: node
[2026-09-09T09:45:50.965Z] [API] GET /api/v1/auth/me 200 - 231ms - IP: ::1 - UA: node
[2026-09-09T09:45:51.251Z] [API] GET /api/v1/auth/me 200 - 236ms - IP: ::1 - UA: node
[POST] /auth/login request received for email: test.owner@shoots-preview.test
[2026-09-09T09:49:25.825Z] [API] POST /api/v1/auth/login 200 - 1056ms - IP: ::1 - UA: node
[2026-09-09T09:49:26.632Z] [API] GET /api/v1/auth/me 200 - 228ms - IP: ::1 - UA: node
[2026-09-09T09:49:26.701Z] [API] GET /api/v1/team-members 200 - 685ms - IP: ::1 - UA: node
[2026-09-09T09:49:26.918Z] [API] GET /api/v1/auth/me 200 - 235ms - IP: ::1 - UA: node
[2026-09-09T09:49:27.092Z] [API] GET /api/v1/projects/upcoming-days 200 - 1106ms - IP: ::1 - UA: node
[2026-09-09T09:49:27.709Z] [API] GET /api/v1/projects/analytics 200 - 1686ms - IP: ::1 - UA: node
[2026-09-09T09:49:28.385Z] [API] GET /api/v1/projects 200 - 2366ms - IP: ::1 - UA: node
[2026-09-09T09:49:30.670Z] [API] GET /api/v1/auth/me 200 - 225ms - IP: ::1 - UA: node
[2026-09-09T09:49:30.952Z] [API] GET /api/v1/auth/me 200 - 231ms - IP: ::1 - UA: node
[2026-09-09T09:49:39.271Z] [API] POST /api/v1/projects 201 - 1719ms - IP: ::1 - UA: node
[2026-09-09T09:49:40.338Z] [API] GET /api/v1/team-members 200 - 230ms - IP: ::1 - UA: node
[2026-09-09T09:49:40.686Z] [API] GET /api/v1/auth/me 200 - 242ms - IP: ::1 - UA: node
[2026-09-09T09:49:40.983Z] [API] GET /api/v1/auth/me 200 - 239ms - IP: ::1 - UA: node
[2026-09-09T09:49:41.797Z] [API] GET /api/v1/projects/c60213e4-a167-450f-8dd0-e3c743e84c2b 200 - 1714ms - IP: ::1 - UA: node
[2026-09-09T09:49:44.824Z] [API] DELETE /api/v1/projects/c60213e4-a167-450f-8dd0-e3c743e84c2b 200 - 255ms - IP: ::1 - UA: node
[2026-09-09T09:49:46.591Z] [API] GET /api/v1/projects?page=1&limit=50&status=all 200 - 1631ms - IP: ::1 - UA: node
[POST] /auth/login request received for email: test.owner@shoots-preview.test
[2026-09-09T09:50:03.855Z] [API] POST /api/v1/auth/login 200 - 1009ms - IP: ::1 - UA: node
[2026-09-09T09:50:04.665Z] [API] GET /api/v1/auth/me 200 - 242ms - IP: ::1 - UA: node
[2026-09-09T09:50:04.817Z] [API] GET /api/v1/team-members 200 - 736ms - IP: ::1 - UA: node
[2026-09-09T09:50:04.935Z] [API] GET /api/v1/auth/me 200 - 233ms - IP: ::1 - UA: node
[2026-09-09T09:50:05.029Z] [API] GET /api/v1/projects/upcoming-days 200 - 984ms - IP: ::1 - UA: node
[2026-09-09T09:50:05.508Z] [API] GET /api/v1/projects/analytics 200 - 1422ms - IP: ::1 - UA: node
[2026-09-09T09:50:06.719Z] [API] GET /api/v1/projects 200 - 2636ms - IP: ::1 - UA: node
[2026-09-09T09:50:07.973Z] [API] GET /api/v1/auth/me 200 - 232ms - IP: ::1 - UA: node
[2026-09-09T09:50:08.263Z] [API] GET /api/v1/auth/me 200 - 239ms - IP: ::1 - UA: node
[2026-09-09T09:50:09.054Z] [API] GET /api/v1/projects?page=1&limit=50&status=all 200 - 1661ms - IP: ::1 - UA: node
[2026-09-09T09:50:11.045Z] [API] GET /api/v1/team-members 200 - 240ms - IP: ::1 - UA: node
[2026-09-09T09:50:11.391Z] [API] GET /api/v1/auth/me 200 - 235ms - IP: ::1 - UA: node
[2026-09-09T09:50:11.661Z] [API] GET /api/v1/auth/me 200 - 234ms - IP: ::1 - UA: node
[2026-09-09T09:50:11.980Z] [API] GET /api/v1/projects/44164337-d494-43cd-b3f5-74c4c9f4bafb 200 - 1177ms - IP: ::1 - UA: node
